// Jest Snapshot v1, https://goo.gl/fbAQLP

exports[`SmallThumbnail renders 1`] = `
ShallowWrapper {
  "complexSelector": ComplexSelector {
    "buildPredicate": [Function],
    "childrenOfNode": [Function],
    "findWhereUnwrapped": [Function],
  },
  "length": 1,
  "node": <div
    className="small-thumbnail"
>
    <img
        alt="small thumbnail"
        onClick={[Function]}
        src="http://via.placeholder.com/350x150"
    />
</div>,
  "nodes": Array [
    <div
      className="small-thumbnail"
>
      <img
            alt="small thumbnail"
            onClick={[Function]}
            src="http://via.placeholder.com/350x150"
      />
</div>,
  ],
  "options": Object {},
  "renderer": ReactShallowRenderer {
    "_instance": ShallowComponentWrapper {
      "_calledComponentWillUnmount": false,
      "_compositeType": 0,
      "_context": Object {},
      "_currentElement": <SmallThumbnail
        data={
                Object {
                        "thumbnailUrl": "http://via.placeholder.com/350x150",
                      }
        }
        onClick={[Function]}
/>,
      "_debugID": 1,
      "_hostContainerInfo": null,
      "_hostParent": null,
      "_instance": SmallThumbnail {
        "_onThumnbailClicked": [Function],
        "_reactInternalInstance": [Circular],
        "context": Object {},
        "props": Object {
          "data": Object {
            "thumbnailUrl": "http://via.placeholder.com/350x150",
          },
          "onClick": [Function],
        },
        "refs": Object {},
        "state": null,
        "updater": Object {
          "enqueueCallback": [Function],
          "enqueueCallbackInternal": [Function],
          "enqueueElementInternal": [Function],
          "enqueueForceUpdate": [Function],
          "enqueueReplaceState": [Function],
          "enqueueSetState": [Function],
          "isMounted": [Function],
          "validateCallback": [Function],
        },
      },
      "_mountOrder": 1,
      "_pendingCallbacks": null,
      "_pendingElement": null,
      "_pendingForceUpdate": false,
      "_pendingReplaceState": false,
      "_pendingStateQueue": null,
      "_renderedComponent": NoopInternalComponent {
        "_currentElement": <div
          className="small-thumbnail"
>
          <img
                    alt="small thumbnail"
                    onClick={[Function]}
                    src="http://via.placeholder.com/350x150"
          />
</div>,
        "_debugID": 2,
        "_renderedOutput": <div
          className="small-thumbnail"
>
          <img
                    alt="small thumbnail"
                    onClick={[Function]}
                    src="http://via.placeholder.com/350x150"
          />
</div>,
      },
      "_renderedNodeType": 0,
      "_rootNodeID": 0,
      "_topLevelWrapper": null,
      "_updateBatchNumber": null,
      "_warnedAboutRefsInRender": false,
    },
    "getRenderOutput": [Function],
    "render": [Function],
  },
  "root": [Circular],
  "unrendered": <SmallThumbnail
    data={
        Object {
            "thumbnailUrl": "http://via.placeholder.com/350x150",
          }
    }
    onClick={[Function]}
/>,
}
`;
